loading training data...
txt/bb.train.txt
dataset size 28000
symbol vocab size: 3552
symbol vocab size(actual): 3549

epoch: 0 / 10
ソフトバンク [[  4.56981435e-02  -9.92203593e-01  -3.29027653e-01  -5.26616752e-01
    2.11600590e+00  -3.46582890e-01   1.28453135e-01  -3.15590113e-01
    9.63763416e-01   5.50104856e-01  -1.44781792e+00  -3.16593766e-01
   -9.95176136e-01   1.43634760e+00  -9.67477441e-01  -1.15102959e+00
    6.79597080e-01   1.46003902e+00  -4.77390617e-01  -2.24697685e+00
   -6.02648377e-01   1.08899033e+00   2.05158308e-01   1.18035030e+00
   -1.31262511e-01   3.77072781e-01  -4.79772449e-01  -1.24657482e-01
   -6.22750640e-01  -9.76201236e-01  -8.76189947e-01  -1.72258094e-01
   -5.52202880e-01  -4.39443886e-01  -1.87381375e+00  -2.62652785e-01
   -4.32192415e-01  -5.81118345e-01   1.48916626e+00  -2.65457451e-01
    4.10582155e-01   1.19782257e+00  -1.38168931e+00   7.87793636e-01
    3.89735878e-01  -4.93690282e-01  -6.02453947e-01  -1.25205469e+00
   -2.50263453e-01  -6.25146568e-01   1.61059663e-01  -6.56453967e-01
    2.49945343e-01  -1.86260736e+00   6.53291643e-01  -8.44760478e-01
   -6.30062044e-01  -7.08649755e-02   5.95667660e-01   2.81317979e-01
    1.77531943e-01  -7.63279736e-01  -8.89197767e-01   1.46786284e+00
    2.75804847e-01  -1.27293110e+00   3.00491214e+00   1.31675035e-01
    5.12968898e-01   6.39963746e-01  -1.24538326e+00  -3.56011927e-01
   -1.13312900e+00  -5.62364101e-01  -2.94127385e-03  -1.42752802e+00
   -1.14723396e+00   8.28089297e-01  -1.07293272e+00  -7.00634241e-01
    4.03346181e-01  -3.52589369e-01  -1.36590397e+00   6.72068298e-01
    1.10900033e+00   4.22760285e-02  -6.43018007e-01   4.51492220e-01
    3.00723404e-01  -1.64420065e-02   1.54543960e+00   1.74288785e+00
   -3.51767749e-01   1.14433849e+00  -5.43700039e-01   3.33021611e-01
   -2.50358391e+00   1.66034564e-01  -3.66600275e-01   7.82472432e-01
    7.67637551e-01   3.43395263e-01   5.96355557e-01   2.37804055e-01
   -1.05061150e+00  -7.04342306e-01  -6.71597958e-01  -1.43284297e+00
   -1.43697870e+00  -1.61140525e+00   4.19382125e-01   1.05911613e+00
   -2.08311605e+00   1.00534546e+00  -9.39579010e-02   1.14744461e+00
   -1.43444270e-01  -2.53164232e-01  -9.96145666e-01   7.25950122e-01
   -1.42474902e+00   6.16492510e-01  -4.42592710e-01  -7.95771480e-01
    8.97104681e-01  -2.28365272e-01   7.89666295e-01   4.57990110e-01
    1.95524231e-01  -4.61040288e-01  -1.20336485e+00  -1.45485759e+00
    1.49700880e+00  -7.34664872e-02   3.00110608e-01   1.84482646e+00
   -1.57427442e+00  -1.29647374e+00   1.58192229e+00   1.92019746e-01
   -3.29536110e-01  -4.28146729e-03  -4.26575691e-02   1.33766437e+00
    5.37330270e-01  -9.90901530e-01  -1.20205927e+00  -3.34461659e-01
    5.33232868e-01  -1.51760721e+00   7.02135980e-01   6.60578012e-01
    1.86635137e-01  -6.10807240e-01  -1.04170060e+00   4.53389883e-01
    3.83282542e-01  -3.25958222e-01  -9.37746823e-01   7.39954114e-01
    2.10428566e-01   1.03484964e+00  -4.25416768e-01  -2.88134277e-01
    2.83879101e-01   1.32023180e+00  -6.25616252e-01   1.73612726e+00
    3.56954551e+00  -5.49444079e-01   3.73585999e-01   4.26323831e-01
    4.25162405e-01   1.52082115e-01  -3.27304788e-02   9.99268234e-01
   -1.29239082e+00  -6.64938152e-01   1.34139025e+00   1.71729302e+00
   -9.43759561e-01   1.17998958e+00   5.12971342e-01  -7.43133426e-02
    7.11108625e-01   1.05089426e+00   5.65130413e-01   9.20938671e-01
   -6.56138420e-01  -1.03407085e-01  -2.07734108e+00   9.95219767e-01
    2.30998993e-01  -1.69953227e-01  -1.61369884e+00   7.60708004e-02
    2.04607844e-01  -1.07169427e-01  -6.55076027e-01  -5.25227547e-01
    6.58641577e-01   1.21992636e+00   1.60037410e+00   1.40725359e-01
   -1.12816072e+00  -8.63288879e-01   3.70288253e-01   7.78108478e-01
   -1.78117859e+00  -3.66528898e-01  -1.24768746e+00  -6.90635264e-01
   -5.39220154e-01  -4.65772450e-01   1.53279841e+00   4.47128415e-01
    3.60829830e-01  -2.63096504e-02  -1.15775251e+00   1.05485296e+00
   -5.38004339e-01  -2.10992146e+00  -9.85225618e-01  -2.50460088e-01
   -1.22458167e-01   1.37918079e+00   1.67530859e+00   6.98839784e-01
   -4.75671858e-01  -9.27386343e-01  -2.31790110e-01  -7.32143283e-01
   -5.16553000e-02   5.34084260e-01  -1.22135378e-01  -2.05892354e-01
    6.02972448e-01  -7.08837509e-01   5.16516745e-01  -1.82583714e+00
   -7.70007670e-02   1.02710819e+00  -7.53385365e-01   1.31542730e+00
   -7.79049635e-01   2.22494826e-01   3.92826945e-02   4.75371808e-01
   -1.37851965e+00   1.56219506e+00  -6.38395011e-01  -7.67009318e-01
    5.62675893e-01   1.35665953e-01  -1.37710667e+00  -6.24950826e-01
   -6.22219741e-01   4.60034400e-01  -7.32619822e-01  -1.12212695e-01
   -7.36886799e-01  -7.35667348e-01   6.14688337e-01  -3.37861240e-01
   -5.92392683e-01   5.06299615e-01  -7.04471648e-01   1.17604136e+00
    6.54158235e-01  -4.01111901e-01   1.59487760e+00  -5.85290313e-01
    1.50995493e+00   7.16488719e-01  -2.39125043e-01   1.31029740e-01
    2.22576559e-01  -1.29671365e-01  -1.59531140e+00  -1.58805621e+00
    2.12080151e-01   1.05949700e+00  -5.91990888e-01   8.51669312e-01
    1.20252502e+00   1.43862188e-01   3.85197848e-01   1.91065103e-01
    1.09948754e+00  -8.00249040e-01  -3.35630506e-01   1.14068441e-01
    5.12933075e-01   1.41167473e-02  -4.91915554e-01  -1.06417453e+00
   -1.46292424e+00   1.23866069e+00  -7.96955228e-01  -1.12655985e+00]]
train mean loss=93.5265015193
training perplexity=10.362178949
saving model....
epoch: 1 / 10
ソフトバンク [[  3.41434181e-02  -1.00613570e+00  -3.24866116e-01  -5.22191525e-01
    2.10601115e+00  -3.34496766e-01   1.33258790e-01  -3.05282831e-01
    9.66184020e-01   5.41502357e-01  -1.44590700e+00  -3.20426852e-01
   -9.96492028e-01   1.44293869e+00  -9.56923664e-01  -1.16129780e+00
    6.83386743e-01   1.47119284e+00  -4.60854322e-01  -2.26420498e+00
   -6.02859914e-01   1.10033441e+00   2.16687351e-01   1.18969715e+00
   -1.42455533e-01   3.69206041e-01  -4.69215542e-01  -1.35946855e-01
   -6.33136272e-01  -9.81970787e-01  -8.67225468e-01  -1.81421146e-01
   -5.39696157e-01  -4.51417536e-01  -1.87359083e+00  -2.72705704e-01
   -4.21881437e-01  -5.73347986e-01   1.49275839e+00  -2.62319356e-01
    4.05562401e-01   1.19735432e+00  -1.36802256e+00   7.77376711e-01
    3.85825515e-01  -4.89352971e-01  -5.91408432e-01  -1.26290834e+00
   -2.53250033e-01  -6.18500352e-01   1.46456167e-01  -6.68242931e-01
    2.64061719e-01  -1.85858023e+00   6.39744222e-01  -8.40824664e-01
   -6.39848530e-01  -5.98621294e-02   5.86579204e-01   2.93009400e-01
    1.74221605e-01  -7.54513443e-01  -8.77338767e-01   1.46909916e+00
    2.89436668e-01  -1.26824355e+00   2.99658108e+00   1.31390646e-01
    4.99396116e-01   6.49943709e-01  -1.24880624e+00  -3.43575656e-01
   -1.14448690e+00  -5.51501393e-01  -8.21445312e-04  -1.42343032e+00
   -1.16185594e+00   8.39452565e-01  -1.08566201e+00  -6.94266081e-01
    3.89216036e-01  -3.41952056e-01  -1.36374950e+00   6.59635425e-01
    1.09502888e+00   4.15139422e-02  -6.38448119e-01   4.41380024e-01
    2.87092805e-01  -3.05496156e-03   1.56081021e+00   1.73420727e+00
   -3.66742194e-01   1.15326822e+00  -5.38665295e-01   3.41830730e-01
   -2.49554014e+00   1.61540672e-01  -3.77555788e-01   7.86720514e-01
    7.57689595e-01   3.51525784e-01   6.09643996e-01   2.36312374e-01
   -1.04145348e+00  -6.99357629e-01  -6.74975038e-01  -1.44350743e+00
   -1.44112861e+00  -1.59713614e+00   4.32965159e-01   1.07306802e+00
   -2.07206750e+00   1.01219738e+00  -8.59093964e-02   1.15787542e+00
   -1.55164525e-01  -2.57633209e-01  -9.85611618e-01   7.37039924e-01
   -1.43763566e+00   6.25883281e-01  -4.51837331e-01  -8.07187974e-01
    8.96514714e-01  -2.38879487e-01   7.89148808e-01   4.47324634e-01
    2.04360321e-01  -4.51618046e-01  -1.19713569e+00  -1.45145905e+00
    1.51094854e+00  -8.42840672e-02   3.12415332e-01   1.85988390e+00
   -1.58903575e+00  -1.30352485e+00   1.59326816e+00   1.96860939e-01
   -3.26052517e-01  -2.39791512e-03  -5.26033342e-02   1.32952559e+00
    5.35641372e-01  -1.00201297e+00  -1.19957662e+00  -3.20918739e-01
    5.20879507e-01  -1.51538408e+00   7.13352263e-01   6.56615913e-01
    1.83931634e-01  -6.06730103e-01  -1.03081274e+00   4.46054429e-01
    3.87630016e-01  -3.34003478e-01  -9.52163815e-01   7.37378657e-01
    2.06007943e-01   1.04062319e+00  -4.34939355e-01  -3.02197456e-01
    2.96263158e-01   1.32860565e+00  -6.18879557e-01   1.73136783e+00
    3.58389115e+00  -5.43078780e-01   3.77486259e-01   4.28572208e-01
    4.15190458e-01   1.64803997e-01  -2.42759362e-02   1.00491881e+00
   -1.28770196e+00  -6.60389423e-01   1.33883226e+00   1.70867121e+00
   -9.49782252e-01   1.17438638e+00   5.18143475e-01  -8.44939724e-02
    6.98189139e-01   1.05727291e+00   5.80205023e-01   9.11221683e-01
   -6.65020704e-01  -9.06072408e-02  -2.06980777e+00   9.89778519e-01
    2.17978999e-01  -1.64220840e-01  -1.62313414e+00   7.28164762e-02
    2.02659458e-01  -1.03921771e-01  -6.45144284e-01  -5.17888308e-01
    6.63036823e-01   1.22155941e+00   1.60845399e+00   1.38881311e-01
   -1.11734831e+00  -8.52978528e-01   3.72913182e-01   7.87980676e-01
   -1.76835775e+00  -3.70874614e-01  -1.23727345e+00  -6.95814550e-01
   -5.51759839e-01  -4.62905437e-01   1.54671621e+00   4.58993167e-01
    3.47303987e-01  -3.32370400e-02  -1.16784561e+00   1.05759287e+00
   -5.28873324e-01  -2.09856677e+00  -9.75450814e-01  -2.36607149e-01
   -1.38252214e-01   1.36614597e+00   1.67645013e+00   7.13740766e-01
   -4.87207562e-01  -9.38362360e-01  -2.45016813e-01  -7.24867761e-01
   -6.22635409e-02   5.26560247e-01  -1.31862640e-01  -2.16805279e-01
    6.17345154e-01  -7.01006830e-01   5.03158212e-01  -1.81549394e+00
   -6.11937232e-02   1.03622699e+00  -7.44725883e-01   1.32162666e+00
   -7.67166972e-01   2.13522956e-01   2.34037824e-02   4.61797833e-01
   -1.36896610e+00   1.54672933e+00  -6.50659442e-01  -7.58085310e-01
    5.59487939e-01   1.39265537e-01  -1.36979365e+00  -6.37564600e-01
   -6.24246299e-01   4.48839515e-01  -7.45208979e-01  -1.13063455e-01
   -7.44122386e-01  -7.44596362e-01   6.20778143e-01  -3.28733206e-01
   -5.77258527e-01   4.93706793e-01  -6.94216847e-01   1.17064083e+00
    6.42395377e-01  -4.03856307e-01   1.60863447e+00  -5.83453178e-01
    1.49867904e+00   7.22904027e-01  -2.29798928e-01   1.21527411e-01
    2.10367605e-01  -1.37263820e-01  -1.58441961e+00  -1.58869934e+00
    2.27456778e-01   1.06673479e+00  -5.93087792e-01   8.53323042e-01
    1.20337009e+00   1.31974369e-01   3.85419041e-01   1.79693788e-01
    1.10352886e+00  -7.93585002e-01  -3.32351238e-01   1.26635343e-01
    5.14597595e-01   2.38226205e-02  -4.99647498e-01  -1.06824529e+00
   -1.47474194e+00   1.24652159e+00  -7.93410718e-01  -1.12164032e+00]]
train mean loss=67.0567788206
training perplexity=5.34637879248
saving model....
epoch: 2 / 10
ソフトバンク [[  2.74363067e-02  -1.01624787e+00  -3.20347458e-01  -5.17855823e-01
    2.09998393e+00  -3.26361567e-01   1.32989019e-01  -2.99936742e-01
    9.67530310e-01   5.35689950e-01  -1.44702744e+00  -3.24464113e-01
   -9.96086657e-01   1.44886708e+00  -9.47105885e-01  -1.17197001e+00
    6.89225852e-01   1.47982681e+00  -4.48313683e-01  -2.27826500e+00
   -6.03115678e-01   1.10707605e+00   2.24713862e-01   1.19722915e+00
   -1.53174534e-01   3.65594208e-01  -4.62155104e-01  -1.42430037e-01
   -6.39109254e-01  -9.84651923e-01  -8.59887481e-01  -1.88872889e-01
   -5.31233370e-01  -4.60856944e-01  -1.87497544e+00  -2.79863894e-01
   -4.15062010e-01  -5.65456808e-01   1.49695790e+00  -2.57399261e-01
    4.05011803e-01   1.19934356e+00  -1.35685849e+00   7.71268964e-01
    3.77935261e-01  -4.89381254e-01  -5.84893763e-01  -1.27069557e+00
   -2.54493982e-01  -6.13782942e-01   1.36408865e-01  -6.76341593e-01
    2.73763537e-01  -1.85472858e+00   6.27703786e-01  -8.39671433e-01
   -6.47328317e-01  -5.22407554e-02   5.81553757e-01   2.99886137e-01
    1.69877231e-01  -7.50182450e-01  -8.69067788e-01   1.47377121e+00
    3.00017118e-01  -1.26508439e+00   2.99049330e+00   1.31248608e-01
    4.90810335e-01   6.59392416e-01  -1.25219178e+00  -3.34799677e-01
   -1.15337062e+00  -5.40888071e-01   2.07834202e-03  -1.42197657e+00
   -1.17167699e+00   8.46740305e-01  -1.09470141e+00  -6.87884212e-01
    3.78373593e-01  -3.35778743e-01  -1.36298215e+00   6.51225746e-01
    1.08502543e+00   3.96261103e-02  -6.36586130e-01   4.34711426e-01
    2.78077900e-01   6.61902316e-03   1.57236683e+00   1.73096704e+00
   -3.78473103e-01   1.15733969e+00  -5.38081527e-01   3.48224103e-01
   -2.49120307e+00   1.61963612e-01  -3.85255694e-01   7.92629957e-01
    7.51102805e-01   3.59248579e-01   6.18032932e-01   2.35078335e-01
   -1.03393877e+00  -6.94759429e-01  -6.75870359e-01  -1.45120215e+00
   -1.44406331e+00  -1.58722568e+00   4.42404568e-01   1.08346212e+00
   -2.06475782e+00   1.01822567e+00  -8.05689245e-02   1.16509461e+00
   -1.64088055e-01  -2.58713752e-01  -9.78834152e-01   7.46537328e-01
   -1.44626236e+00   6.31590724e-01  -4.58178461e-01  -8.13288391e-01
    8.97168100e-01  -2.46758133e-01   7.85069406e-01   4.37513351e-01
    2.11184233e-01  -4.44829524e-01  -1.19634986e+00  -1.44812834e+00
    1.52127934e+00  -9.00158808e-02   3.21456462e-01   1.87083638e+00
   -1.59990013e+00  -1.30823946e+00   1.60245013e+00   1.97874263e-01
   -3.22106689e-01   4.28653182e-03  -5.93605116e-02   1.32350588e+00
    5.33791721e-01  -1.00874281e+00  -1.20072389e+00  -3.12312007e-01
    5.12424409e-01  -1.51260722e+00   7.20801771e-01   6.56796873e-01
    1.81411505e-01  -6.02227867e-01  -1.02125037e+00   4.41549987e-01
    3.88583660e-01  -3.39311123e-01  -9.63065922e-01   7.37678289e-01
    2.06921697e-01   1.04591262e+00  -4.39557910e-01  -3.12994540e-01
    3.04357767e-01   1.33375156e+00  -6.14425719e-01   1.72907901e+00
    3.59429336e+00  -5.41012585e-01   3.75627488e-01   4.28317279e-01
    4.09867674e-01   1.73530519e-01  -1.89191308e-02   1.00591624e+00
   -1.28467405e+00  -6.56873107e-01   1.33844209e+00   1.70063829e+00
   -9.55422521e-01   1.16936696e+00   5.19894540e-01  -9.04391706e-02
    6.90283954e-01   1.05863225e+00   5.90974152e-01   9.01695549e-01
   -6.69757903e-01  -8.16048011e-02  -2.06093526e+00   9.85319495e-01
    2.07253113e-01  -1.56951785e-01  -1.62811911e+00   6.99153990e-02
    2.03802571e-01  -1.02619745e-01  -6.38805509e-01  -5.11611164e-01
    6.63955867e-01   1.22403407e+00   1.61202610e+00   1.40623376e-01
   -1.10895097e+00  -8.46540451e-01   3.76441479e-01   7.95841813e-01
   -1.76003575e+00  -3.73029381e-01  -1.23197460e+00  -6.96502090e-01
   -5.60339212e-01  -4.60056424e-01   1.55673265e+00   4.65975851e-01
    3.37373942e-01  -4.10161205e-02  -1.17408895e+00   1.06066787e+00
   -5.21918595e-01  -2.09134603e+00  -9.68481302e-01  -2.24945426e-01
   -1.51048139e-01   1.35747147e+00   1.67625105e+00   7.25427389e-01
   -4.95636523e-01  -9.45931554e-01  -2.53325611e-01  -7.20785320e-01
   -6.91025928e-02   5.22826135e-01  -1.37834966e-01  -2.24998891e-01
    6.28615737e-01  -6.96672916e-01   4.94854927e-01  -1.80932748e+00
   -4.92953099e-02   1.04098094e+00  -7.37395585e-01   1.32694113e+00
   -7.57972479e-01   2.06757054e-01   1.31190959e-02   4.50316399e-01
   -1.36506248e+00   1.53538084e+00  -6.60082757e-01  -7.51263916e-01
    5.58353901e-01   1.41638622e-01  -1.36134279e+00  -6.47339225e-01
   -6.23593092e-01   4.40828800e-01  -7.53370464e-01  -1.12809725e-01
   -7.46414423e-01  -7.49880135e-01   6.25433564e-01  -3.25901210e-01
   -5.65504968e-01   4.83786643e-01  -6.88313484e-01   1.16883349e+00
    6.33526385e-01  -4.09874767e-01   1.61816847e+00  -5.83104074e-01
    1.49065173e+00   7.23337173e-01  -2.22373724e-01   1.14863969e-01
    2.03185007e-01  -1.46490067e-01  -1.57660234e+00  -1.59276259e+00
    2.40112394e-01   1.07548618e+00  -5.92726946e-01   8.52529287e-01
    1.20762575e+00   1.25604793e-01   3.84791702e-01   1.72636002e-01
    1.10669494e+00  -7.90557742e-01  -3.29062462e-01   1.35376647e-01
    5.19888163e-01   3.14200819e-02  -5.07163465e-01  -1.07014823e+00
   -1.48239863e+00   1.25231194e+00  -7.92670906e-01  -1.12038445e+00]]
train mean loss=61.8549072211
training perplexity=4.69441113307
saving model....
epoch: 3 / 10
ソフトバンク [[ 0.02285034 -1.02397931 -0.31671274 -0.51421821  2.09599233 -0.32049564
   0.13131201 -0.2967588   0.96898466  0.53155804 -1.44894862 -0.32804769
  -0.99531311  1.45386291 -0.93850166 -1.18119001  0.69512516  1.48668456
  -0.43884876 -2.28929353 -0.60347033  1.11214316  0.23067527  1.20329368
  -0.16205449  0.36418617 -0.45705631 -0.14671621 -0.64291257 -0.98585534
  -0.85395288 -0.19496211 -0.52507114 -0.46815744 -1.87749135 -0.28532887
  -0.41039732 -0.55858141  1.5008204  -0.2526235   0.40604046  1.20112133
  -1.34818566  0.76705885  0.37062162 -0.49048176 -0.58067465 -1.27668917
  -0.25478652 -0.61070973  0.12880303 -0.6823948   0.28099707 -1.85119331
   0.61830854 -0.83954012 -0.65282857 -0.04636044  0.57802349  0.30457908
   0.16566545 -0.74799967 -0.86246264  1.47905791  0.30837595 -1.26291263
   2.9858346   0.13105181  0.48489618  0.66711074 -1.25509179 -0.32813412
  -1.16036296 -0.53259689  0.00558571 -1.42215407 -1.17908263  0.85231352
  -1.10196245 -0.68242109  0.3698318  -0.33139986 -1.36288118  0.64485025
   1.07722187  0.03753259 -0.63583934  0.42975238  0.27155986  0.01396446
   1.58136082  1.73000669 -0.38802397  1.15955675 -0.53858775  0.35349816
  -2.48808122  0.16440304 -0.390966    0.79791087  0.74615622  0.36562762
   0.62428075  0.23410843 -1.02770591 -0.69053096 -0.67551261 -1.45735097
  -1.44657791 -1.57969141  0.44934371  1.09143603 -2.05957818  1.02332091
  -0.0761127   1.17059994 -0.17130145 -0.25894007 -0.97349447  0.75467747
  -1.4529146   0.63575953 -0.46286017 -0.81681365  0.8976084  -0.2530393
   0.77972639  0.42922521  0.21668971 -0.43965334 -1.19764709 -1.4451648
   1.52931905 -0.09356393  0.32850102  1.87907326 -1.60850871 -1.31223965
   1.60980928  0.19790825 -0.31871751  0.01115857 -0.0645555   1.31856382
   0.53215098 -1.01359868 -1.20352268 -0.30613369  0.50606006 -1.50985634
   0.72623545  0.65845156  0.17926358 -0.59842032 -1.01351357  0.43855578
   0.38874558 -0.3435638  -0.97195506  0.73883092  0.20953408  1.05027175
  -0.44169438 -0.32196647  0.31064638  1.33754694 -0.61176568  1.7273035
   3.60238838 -0.54022062  0.37233534  0.4277612   0.40668941  0.18030745
  -0.01463157  1.00523961 -1.28266883 -0.65425098  1.33862507  1.69407451
  -0.95995224  1.16537678  0.52115744 -0.09403337  0.68458593  1.05810666
   0.5992884   0.89348763 -0.6729036  -0.0750618  -2.05282784  0.98173004
   0.19868641 -0.15088651 -1.63155496  0.06711729  0.20585087 -0.10226788
  -0.63369673 -0.50617343  0.66392785  1.22743344  1.61367857  0.14331189
  -1.10244989 -0.84213752  0.3798883   0.80214971 -1.75374722 -0.37402198
  -1.22860312 -0.69554204 -0.56681472 -0.45762384  1.56476653  0.47090909
   0.32992497 -0.04773158 -1.1782918   1.0632323  -0.51707214 -2.08640909
  -0.96327555 -0.21589036 -0.16147512  1.35097373  1.67581844  0.73483002
  -0.5025968  -0.95154953 -0.25923395 -0.71823329 -0.07397384  0.52062142
  -0.14221703 -0.23157737  0.63737065 -0.693856    0.48907077 -1.80507851
  -0.04004683  1.04375064 -0.7311672   1.33191907 -0.75070041  0.20143732
   0.00560177  0.44151539 -1.36320138  1.52643323 -0.66759104 -0.74588418
   0.55790609  0.14360479 -1.35375357 -0.65495199 -0.62187529  0.43459281
  -0.75941998 -0.11166014 -0.74694568 -0.75329638  0.62912798 -0.32497367
  -0.55663955  0.47548795 -0.68416172  1.16881299  0.62650901 -0.41575935
   1.62541521 -0.58321154  1.48422027  0.72151238 -0.21648429  0.10983175
   0.19834208 -0.15519878 -1.57036281 -1.59781325  0.24992721  1.08316886
  -0.5919286   0.85119712  1.21296918  0.12164342  0.38495448  0.16757554
   1.10943902 -0.78898072 -0.32648936  0.14189915  0.5249998   0.0372461
  -0.5130372  -1.07167113 -1.48810208  1.25665462 -0.7934249  -1.1207962 ]]
train mean loss=59.0947572109
training perplexity=4.38140272634
saving model....
epoch: 4 / 10
ソフトバンク [[  1.95073094e-02  -1.03009391e+00  -3.13966215e-01  -5.11411965e-01
    2.09322262e+00  -3.16079497e-01   1.29403144e-01  -2.94897646e-01
    9.70850468e-01   5.28432369e-01  -1.45095432e+00  -3.31018776e-01
   -9.94515121e-01   1.45809662e+00  -9.30958629e-01  -1.18879497e+00
    7.00405777e-01   1.49229443e+00  -4.31590617e-01  -2.29817104e+00
   -6.04121923e-01   1.11610007e+00   2.35065445e-01   1.20825994e+00
   -1.69407934e-01   3.64114612e-01  -4.53471124e-01  -1.49600387e-01
   -6.45064831e-01  -9.86386836e-01  -8.49214613e-01  -1.99795797e-01
   -5.20409882e-01  -4.73916173e-01  -1.88059986e+00  -2.89753437e-01
   -4.07097101e-01  -5.52451551e-01   1.50398576e+00  -2.48560682e-01
    4.07580256e-01   1.20240092e+00  -1.34132922e+00   7.64081776e-01
    3.64193767e-01  -4.91893858e-01  -5.77899814e-01  -1.28141940e+00
   -2.54531354e-01  -6.09019816e-01   1.22829355e-01  -6.87037408e-01
    2.86571085e-01  -1.84833205e+00   6.10721052e-01  -8.39976788e-01
   -6.56957746e-01  -4.15854715e-02   5.75403631e-01   3.07833821e-01
    1.61864430e-01  -7.47359514e-01  -8.57058406e-01   1.48398197e+00
    3.15216392e-01  -1.26133478e+00   2.98201418e+00   1.30737275e-01
    4.80809063e-01   6.73637390e-01  -1.25741959e+00  -3.22948068e-01
   -1.16608226e+00  -5.25978565e-01   9.15477052e-03  -1.42299378e+00
   -1.18489814e+00   8.56669068e-01  -1.10807383e+00  -6.77968860e-01
    3.62745434e-01  -3.28210294e-01  -1.36308467e+00   6.39840245e-01
    1.07083023e+00   3.56242619e-02  -6.35292232e-01   4.26081538e-01
    2.66510218e-01   1.97090767e-02   1.58863330e+00   1.73033738e+00
   -3.95784944e-01   1.16066849e+00  -5.39553940e-01   3.57872456e-01
   -2.48567963e+00   1.67522907e-01  -3.95268440e-01   8.02518725e-01
    7.42111742e-01   3.70702595e-01   6.29173934e-01   2.33415440e-01
   -1.02269959e+00  -6.86693013e-01  -6.74440444e-01  -1.46219420e+00
   -1.44869769e+00  -1.57367516e+00   4.54674423e-01   1.09770596e+00
   -2.05584216e+00   1.02765298e+00  -7.22110048e-02   1.17481768e+00
   -1.77252010e-01  -2.59005874e-01  -9.68985260e-01   7.61587083e-01
   -1.45822859e+00   6.38773620e-01  -4.66162920e-01  -8.18546534e-01
    8.97322357e-01  -2.58214921e-01   7.73966551e-01   4.22287613e-01
    2.21317440e-01  -4.35409904e-01  -1.19982541e+00  -1.44247246e+00
    1.53584182e+00  -9.58639085e-02   3.34075660e-01   1.88559186e+00
   -1.61549938e+00  -1.31569421e+00   1.61565256e+00   1.97640717e-01
   -3.15844595e-01   1.72746703e-02  -6.88149482e-02   1.31435251e+00
    5.30702829e-01  -1.01742113e+00  -1.20690954e+00  -3.01613390e-01
    5.01080215e-01  -1.50773168e+00   7.30494916e-01   6.60602152e-01
    1.77446276e-01  -5.95092475e-01  -1.00715399e+00   4.36434597e-01
    3.88693750e-01  -3.47147733e-01  -9.79331553e-01   7.40275979e-01
    2.12850466e-01   1.05366087e+00  -4.42146331e-01  -3.29490632e-01
    3.15696895e-01   1.34082305e+00  -6.10377073e-01   1.72544348e+00
    3.60892320e+00  -5.40044546e-01   3.68769109e-01   4.27299619e-01
    4.04654205e-01   1.85822949e-01  -1.10194860e-02   1.00385904e+00
   -1.28120232e+00  -6.52213454e-01   1.33915508e+00   1.68870413e+00
   -9.63510513e-01   1.16219938e+00   5.22244275e-01  -9.62557122e-02
    6.80312753e-01   1.05668879e+00   6.05891585e-01   8.86679351e-01
   -6.75216377e-01  -7.01736733e-02  -2.04571319e+00   9.78820741e-01
    1.91671282e-01  -1.45938873e-01  -1.63402104e+00   6.43140674e-02
    2.08175972e-01  -1.02306813e-01  -6.29260004e-01  -5.01446128e-01
    6.63666368e-01   1.23106575e+00   1.61421525e+00   1.46328822e-01
   -1.09730613e+00  -8.38899136e-01   3.82827640e-01   8.07227373e-01
   -1.74875629e+00  -3.74333531e-01  -1.22623527e+00  -6.93827987e-01
   -5.71824789e-01  -4.55532372e-01   1.57137132e+00   4.74464566e-01
    3.24348271e-01  -5.36514297e-02  -1.18121278e+00   1.06528604e+00
   -5.13833344e-01  -2.08292437e+00  -9.59475517e-01  -2.08583340e-01
   -1.70008719e-01   1.34573579e+00   1.67521393e+00   7.42543042e-01
   -5.08628488e-01  -9.55764472e-01  -2.63540268e-01  -7.16483474e-01
   -7.77103528e-02   5.19208074e-01  -1.45549729e-01  -2.37022802e-01
    6.44324720e-01  -6.92051947e-01   4.84809816e-01  -1.80197322e+00
   -3.26633491e-02   1.04529548e+00  -7.26075470e-01   1.33669126e+00
   -7.44758666e-01   1.97163925e-01  -1.03504928e-04   4.34633553e-01
   -1.36248624e+00   1.51902938e+00  -6.73826754e-01  -7.41675496e-01
    5.57735264e-01   1.45321622e-01  -1.34736490e+00  -6.61125898e-01
   -6.19697809e-01   4.29492205e-01  -7.64206648e-01  -1.10058963e-01
   -7.46427536e-01  -7.55525827e-01   6.32347345e-01  -3.24818760e-01
   -5.49619973e-01   4.68502909e-01  -6.81106269e-01   1.16958630e+00
    6.20671630e-01  -4.20956492e-01   1.63101840e+00  -5.83703637e-01
    1.47876871e+00   7.18748748e-01  -2.11616144e-01   1.05954625e-01
    1.95166662e-01  -1.62815958e-01  -1.56535912e+00  -1.60280859e+00
    2.57764786e-01   1.08957076e+00  -5.90894103e-01   8.49955857e-01
    1.21815145e+00   1.19259261e-01   3.85667831e-01   1.63723618e-01
    1.11189497e+00  -7.88191438e-01  -3.24511051e-01   1.46998584e-01
    5.29236615e-01   4.19918559e-02  -5.17621756e-01  -1.07314897e+00
   -1.49240637e+00   1.26001549e+00  -7.95072556e-01  -1.12206018e+00]]
train mean loss=57.2712797056
training perplexity=4.18615224179
saving model....
epoch: 5 / 10
ソフトバンク [[ 0.01701244 -1.03500581 -0.31209442 -0.5092144   2.09133863 -0.31270638
   0.12778315 -0.29378107  0.97278935  0.52593011 -1.45280135 -0.33309129
  -0.99393696  1.46169233 -0.92455363 -1.19471765  0.7047267   1.49687779
  -0.42603287 -2.30515599 -0.60511994  1.11933553  0.23819084  1.21232033
  -0.17521486  0.36470911 -0.45104364 -0.15155524 -0.64603949 -0.98665988
  -0.84529531 -0.20355247 -0.51678264 -0.4784497  -1.88400531 -0.293405
  -0.40471688 -0.54704714  1.50636959 -0.24536453  0.40896901  1.20302546
  -1.33594739  0.7619496   0.35892794 -0.49329576 -0.57608676 -1.28514314
  -0.25404647 -0.60833549  0.1181422  -0.69064516  0.29085845 -1.84624398
   0.60470557 -0.84067065 -0.65997523 -0.03760181  0.57339466  0.31006983
   0.15847777 -0.74746656 -0.85256201  1.48822773  0.32079515 -1.26034045
   2.97888923  0.13031216  0.47800568  0.67906862 -1.2591083  -0.31886363
  -1.17068636 -0.52064091  0.01252781 -1.42398775 -1.18951356  0.86011207
  -1.11327434 -0.67452008  0.35693204 -0.32596934 -1.36346531  0.63586855
   1.06556427  0.03407168 -0.63457555  0.42344192  0.26250154  0.02416072
   1.59446836  1.73126614 -0.40196475  1.16104078 -0.5405035   0.36144033
  -2.48368382  0.17051516 -0.39855823  0.80637062  0.73881978  0.37455815
   0.63306302  0.23306666 -1.01881468 -0.68319368 -0.67305863 -1.46581137
  -1.45038378 -1.56884456  0.45869866  1.10256076 -2.05294228  1.03118348
  -0.06882662  1.17793977 -0.18212299 -0.25937444 -0.9650321   0.7673831
  -1.46250629  0.64092457 -0.46831551 -0.81912982  0.89660889 -0.26257274
   0.76838177  0.41656721  0.22521435 -0.43196023 -1.20209181 -1.440009
   1.54110861 -0.097445    0.33843905  1.89072931 -1.62113941 -1.31871796
   1.62013781  0.19746362 -0.31350324  0.02228742 -0.07238012  1.31069386
   0.52939826 -1.02065957 -1.21021473 -0.29837951  0.497159   -1.50618112
   0.733886    0.66269886  0.1759159  -0.59237206 -1.00213158  0.4349868
   0.38874462 -0.35025257 -0.98533899  0.74150079  0.21604829  1.05637836
  -0.44149256 -0.33578825  0.31981733  1.34381664 -0.60978836  1.72348583
   3.61414647 -0.54003918  0.36553481  0.42711186  0.40324616  0.1902988
  -0.00784244  1.00254107 -1.27998388 -0.65047026  1.33984494  1.6844393
  -0.96615642  1.15982091  0.52324992 -0.0976529   0.67709017  1.0550828
   0.61110914  0.88112944 -0.67700219 -0.06656244 -2.03960776  0.97641093
   0.18598741 -0.14199512 -1.63585365  0.06169097  0.21039283 -0.10258422
  -0.62531108 -0.49744987  0.66359842  1.23428702  1.61417127  0.1491652
  -1.09334075 -0.83641899  0.3850697   0.81129038 -1.74472427 -0.37424999
  -1.2243495  -0.69198489 -0.57576543 -0.4538027   1.57685077  0.47701138
   0.32040519 -0.05861592 -1.18322349  1.06692028 -0.51181346 -2.08054543
  -0.95678729 -0.20270157 -0.17683677  1.34143269  1.67466736  0.74884915
  -0.51381302 -0.95891201 -0.26677227 -0.71515006 -0.08073497  0.51825184
  -0.14808705 -0.24143757  0.64982021 -0.69083518  0.48163858 -1.79951441
  -0.02683083  1.0460788  -0.72205746  1.3412087  -0.73998976  0.19368921
  -0.00453952  0.4292354  -1.36229682  1.51286209 -0.67893821 -0.73840338
   0.55760151  0.14677812 -1.3421675  -0.66606718 -0.61743277  0.42536253
  -0.7681058  -0.10846065 -0.74537724 -0.75693661  0.63523275 -0.32499641
  -0.54421413  0.46261728 -0.67875713  1.17060959  0.6159628  -0.42537889
   1.63533306 -0.58430529  1.47414768  0.71600688 -0.20768857  0.10304715
   0.19311818 -0.16922222 -1.561324   -1.6071856   0.26398629  1.09471917
  -0.58964628  0.84914231  1.22259223  0.11787365  0.38670984  0.16064942
   1.11399782 -0.78777963 -0.32307789  0.1509686   0.53239882  0.0458712
  -0.52088976 -1.07424676 -1.49548054  1.26264739 -0.79687595 -1.12348127]]
train mean loss=55.9454125268
training perplexity=4.04966966328
saving model....
epoch: 6 / 10
ソフトバンク [[ 0.01510945 -1.03901958 -0.31083676 -0.50745124  2.09011555 -0.31012747
   0.12650415 -0.29307619  0.97467023  0.52393192 -1.45439637 -0.33444017
  -0.99347752  1.46470976 -0.9191249  -1.19946444  0.7082749   1.50056958
  -0.42171973 -2.31069994 -0.60621643  1.12213123  0.24058896  1.21557534
  -0.17982796  0.3655414  -0.44936034 -0.15292387 -0.64633858 -0.98682547
  -0.84207797 -0.20650727 -0.51393247 -0.48200575 -1.88735998 -0.29642433
  -0.4030697  -0.54236174  1.50805008 -0.24286741  0.41014954  1.20308745
  -1.33168852  0.76032335  0.35479078 -0.49461246 -0.57485485 -1.28804207
  -0.2535125  -0.60833287  0.11440816 -0.69344771  0.29418224 -1.84458017
   0.59996063 -0.84157473 -0.66208118 -0.03428736  0.57186496  0.31169578
   0.15554392 -0.7478078  -0.84882671  1.49177933  0.32532549 -1.25971603
   2.9762702   0.12975076  0.47594014  0.68346727 -1.26028395 -0.31562442
  -1.17437553 -0.51644307  0.01544148 -1.42482352 -1.19319737  0.86298543
  -1.11765766 -0.67177594  0.35221782 -0.32436958 -1.36392903  0.63270319
   1.06124961  0.03284259 -0.63380384  0.4215242   0.25936171  0.02760767
   1.59913301  1.73240519 -0.40699241  1.16099751 -0.5413394   0.36440501
  -2.48203373  0.17315835 -0.40110275  0.80945772  0.73612154  0.37757218
   0.63616967  0.23300393 -1.01578426 -0.68009752 -0.6716696  -1.46856999
  -1.45181262 -1.56496727  0.46170247  1.10632181 -2.05058122  1.0339992
  -0.06590668  1.18025446 -0.18612567 -0.25991064 -0.96154541  0.7721737
  -1.46596062  0.64254194 -0.46972987 -0.81911778  0.89568734 -0.26616815
   0.76340181  0.41177234  0.22833604 -0.42915234 -1.20423424 -1.43779826
   1.54532886 -0.09858855  0.34188631  1.89474666 -1.62570155 -1.32147086
   1.62363243  0.19743997 -0.31171438  0.02633842 -0.07533108  1.30754352
   0.52814716 -1.023417   -1.21305645 -0.29602358  0.49395344 -1.50507307
   0.73662174  0.66455334  0.17463666 -0.59028596 -0.99820817  0.43404263
   0.38888112 -0.35282087 -0.99019855  0.74242842  0.21895882  1.05857968
  -0.44026676 -0.34106222  0.32317159  1.34640372 -0.60974038  1.72143364
   3.61838174 -0.54002434  0.3627862   0.42710832  0.40228826  0.19396386
  -0.00504778  1.00145733 -1.27898705 -0.64888829  1.34046769  1.68108749
  -0.96812707  1.15806127  0.52418959 -0.09855021  0.67464322  1.05355275
   0.61528611  0.87665838 -0.67838025 -0.06385569 -2.03446269  0.97442335
   0.18138777 -0.13890836 -1.63731885  0.05938601  0.2122885  -0.10290042
  -0.62169272 -0.49410006  0.66374707  1.23704195  1.61391258  0.1516078
  -1.09031904 -0.83449137  0.38682005  0.81457549 -1.74146497 -0.37398702
  -1.22275698 -0.69027257 -0.57888359 -0.45242557  1.58136749  0.47896343
   0.31758752 -0.06259838 -1.18455195  1.06809258 -0.51052231 -2.07892585
  -0.95484453 -0.19800073 -0.18233988  1.33792412  1.67418158  0.75395054
  -0.51809961 -0.96130079 -0.26934496 -0.71406555 -0.08323163  0.51742554
  -0.15009199 -0.24494866  0.65417296 -0.68994313  0.47925156 -1.79743004
  -0.02219276  1.0464431  -0.71892381  1.34529912 -0.73623067  0.19084212
  -0.00803739  0.42504686 -1.36231601  1.50780046 -0.68309224 -0.73578864
   0.55739713  0.14802344 -1.33784437 -0.66997921 -0.61532176  0.42204049
  -0.77129495 -0.10697293 -0.74422175 -0.75771004  0.63778138 -0.32531002
  -0.54003549  0.45765579 -0.67690015  1.17170727  0.61222643 -0.42897287
   1.63872063 -0.58498251  1.47026813  0.71356893 -0.20460591  0.10071041
   0.19180346 -0.17457156 -1.55813336 -1.61098826  0.26894516  1.09884369
  -0.58828253  0.84859556  1.22635829  0.11707829  0.38770306  0.15818737
   1.11567903 -0.78764933 -0.32215273  0.15401386  0.53466862  0.04889406
  -0.52319115 -1.07503283 -1.49778795  1.26469696 -0.79851848 -1.12470937]]
train mean loss=54.9138742229
training perplexity=3.94657003287
saving model....
epoch: 7 / 10
ソフトバンク [[  1.36213088e-02  -1.04241049e+00  -3.10089469e-01  -5.06064653e-01
    2.08939791e+00  -3.08123648e-01   1.25563487e-01  -2.92612344e-01
    9.76503253e-01   5.22163391e-01  -1.45574558e+00  -3.35206360e-01
   -9.93128002e-01   1.46730232e+00  -9.14462924e-01  -1.20321453e+00
    7.11192906e-01   1.50366390e+00  -4.18339729e-01  -2.31519127e+00
   -6.07471466e-01   1.12447417e+00   2.42327332e-01   1.21830606e+00
   -1.83538541e-01   3.66518676e-01  -4.48312044e-01  -1.53837532e-01
   -6.46040618e-01  -9.86938715e-01  -8.39341044e-01  -2.08824024e-01
   -5.11568546e-01  -4.84870166e-01  -1.89067268e+00  -2.99030125e-01
   -4.01824445e-01  -5.38247287e-01   1.50918984e+00  -2.40928665e-01
    4.11071867e-01   1.20280397e+00  -1.32829189e+00   7.59106636e-01
    3.51373374e-01  -4.95754987e-01  -5.74072957e-01  -1.29039502e+00
   -2.52908081e-01  -6.08797729e-01   1.11437187e-01  -6.95676148e-01
    2.96779215e-01  -1.84338677e+00   5.96087039e-01  -8.42548907e-01
   -6.63533866e-01  -3.14269476e-02   5.70708811e-01   3.12824309e-01
    1.52831838e-01  -7.48342335e-01  -8.45627189e-01   1.49476922e+00
    3.29095185e-01  -1.25929523e+00   2.97411299e+00   1.29216075e-01
    4.74506140e-01   6.87210917e-01  -1.26110101e+00  -3.12986434e-01
   -1.17739058e+00  -5.12926459e-01   1.80484150e-02  -1.42544639e+00
   -1.19617832e+00   8.65267932e-01  -1.12148464e+00  -6.69592500e-01
    3.48247170e-01  -3.23322356e-01  -1.36439312e+00   6.30133569e-01
    1.05759609e+00   3.18727382e-02  -6.32875741e-01   4.20214087e-01
    2.56808490e-01   3.03062275e-02   1.60298848e+00   1.73363423e+00
   -4.11061883e-01   1.16057217e+00  -5.42102277e-01   3.66751671e-01
   -2.48067188e+00   1.75440922e-01  -4.03137565e-01   8.12053323e-01
    7.33849823e-01   3.79887819e-01   6.38702571e-01   2.33162716e-01
   -1.01345420e+00  -6.77197874e-01  -6.70252979e-01  -1.47052658e+00
   -1.45296347e+00  -1.56177568e+00   4.63958502e-01   1.10924304e+00
   -2.04865336e+00   1.03630531e+00  -6.33979812e-02   1.18195665e+00
   -1.89432353e-01  -2.60721833e-01  -9.58386600e-01   7.76230991e-01
   -1.46880496e+00   6.43660963e-01  -4.70451981e-01  -8.18601072e-01
    8.94728124e-01  -2.69306511e-01   7.58885324e-01   4.07649815e-01
    2.31024176e-01  -4.26761657e-01  -1.20615888e+00  -1.43581450e+00
    1.54881334e+00  -9.95050669e-02   3.44627917e-01   1.89796424e+00
   -1.62944973e+00  -1.32389545e+00   1.62634778e+00   1.97536707e-01
   -3.10226649e-01   2.96558626e-02  -7.79048651e-02   1.30478060e+00
    5.27003944e-01  -1.02583480e+00  -1.21552348e+00  -2.94392794e-01
    4.91359025e-01  -1.50432944e+00   7.38897562e-01   6.66167140e-01
    1.73639283e-01  -5.88524759e-01  -9.95037913e-01   4.33449447e-01
    3.89075756e-01  -3.55071545e-01  -9.94180083e-01   7.43094563e-01
    2.21508056e-01   1.06035006e+00  -4.38569427e-01  -3.45532089e-01
    3.25937957e-01   1.34882200e+00  -6.09964073e-01   1.71936727e+00
    3.62185907e+00  -5.40012538e-01   3.60400409e-01   4.27396446e-01
    4.01548713e-01   1.96972474e-01  -2.52361968e-03   1.00067055e+00
   -1.27809572e+00  -6.47459686e-01   1.34104550e+00   1.67841434e+00
   -9.69522715e-01   1.15669668e+00   5.25001407e-01  -9.91929695e-02
    6.72806144e-01   1.05225289e+00   6.18631542e-01   8.72986615e-01
   -6.79461479e-01  -6.18325137e-02  -2.03008056e+00   9.72754717e-01
    1.77613333e-01  -1.36366338e-01  -1.63841629e+00   5.73032498e-02
    2.13934362e-01  -1.03223085e-01  -6.18420362e-01  -4.91166621e-01
    6.64018273e-01   1.23928237e+00   1.61344063e+00   1.53779253e-01
   -1.08793616e+00  -8.32884252e-01   3.88187468e-01   8.17249715e-01
   -1.73876953e+00  -3.73551965e-01  -1.22135460e+00  -6.88701630e-01
   -5.81410646e-01  -4.51223940e-01   1.58514512e+00   4.80352879e-01
    3.15752238e-01  -6.59861714e-02  -1.18544137e+00   1.06904662e+00
   -5.09825110e-01  -2.07790160e+00  -9.53559697e-01  -1.94107637e-01
   -1.86795905e-01   1.33496118e+00   1.67363799e+00   7.58160770e-01
   -5.21806717e-01  -9.63094592e-01  -2.71393895e-01  -7.13108718e-01
   -8.54290500e-02   5.16659379e-01  -1.51677519e-01  -2.47795284e-01
    6.57687545e-01  -6.89230919e-01   4.77403015e-01  -1.79561818e+00
   -1.84522439e-02   1.04649997e+00  -7.16429293e-01   1.34891522e+00
   -7.33187497e-01   1.88526809e-01  -1.08224517e-02   4.21661079e-01
   -1.36252606e+00   1.50351393e+00  -6.86550617e-01  -7.33692765e-01
    5.57219565e-01   1.49149552e-01  -1.33422840e+00  -6.73187852e-01
   -6.13263488e-01   4.19299304e-01  -7.74021804e-01  -1.05637975e-01
   -7.42921412e-01  -7.58114636e-01   6.40179276e-01  -3.25769395e-01
   -5.36711335e-01   4.53360319e-01  -6.75403833e-01   1.17274344e+00
    6.09134018e-01  -4.31997299e-01   1.64135325e+00  -5.85641146e-01
    1.46691179e+00   7.11385131e-01  -2.02111214e-01   9.89181325e-02
    1.91040307e-01  -1.79051474e-01  -1.55547428e+00  -1.61414731e+00
    2.73037523e-01   1.10218322e+00  -5.86794436e-01   8.48334253e-01
    1.22944403e+00   1.16741262e-01   3.88675809e-01   1.56096786e-01
    1.11712444e+00  -7.87602901e-01  -3.21543872e-01   1.56429842e-01
    5.36297143e-01   5.14428988e-02  -5.24794638e-01  -1.07554507e+00
   -1.49934745e+00   1.26634645e+00  -8.00004900e-01  -1.12586761e+00]]
train mean loss=54.0862153408
training perplexity=3.86574872873
saving model....
epoch: 8 / 10
ソフトバンク [[  1.24506829e-02  -1.04530883e+00  -3.09669226e-01  -5.04921973e-01
    2.08903885e+00  -3.06554645e-01   1.24840870e-01  -2.92260736e-01
    9.78226602e-01   5.20591438e-01  -1.45684338e+00  -3.35565329e-01
   -9.92852688e-01   1.46952927e+00  -9.10369754e-01  -1.20623171e+00
    7.13638544e-01   1.50629032e+00  -4.15613085e-01  -2.31892824e+00
   -6.08750999e-01   1.12654448e+00   2.43651494e-01   1.22064459e+00
   -1.86612055e-01   3.67522120e-01  -4.47652787e-01  -1.54424578e-01
   -6.45434856e-01  -9.87018883e-01  -8.36977482e-01  -2.10707992e-01
   -5.09541452e-01  -4.87244755e-01  -1.89384079e+00  -3.01275253e-01
   -4.00854707e-01  -5.34552634e-01   1.50995219e+00  -2.39371255e-01
    4.11778092e-01   1.20230150e+00  -1.32548571e+00   7.58191884e-01
    3.48524779e-01  -4.96749789e-01  -5.73572338e-01  -1.29234731e+00
   -2.52284020e-01  -6.09514892e-01   1.08982347e-01  -6.97504163e-01
    2.98878461e-01  -1.84245443e+00   5.92871428e-01  -8.43567014e-01
   -6.64555550e-01  -2.89462190e-02   5.69886148e-01   3.13622296e-01
    1.50372311e-01  -7.48981595e-01  -8.42844903e-01   1.49732840e+00
    3.32309663e-01  -1.25899673e+00   2.97232127e+00   1.28712922e-01
    4.73458767e-01   6.90442801e-01  -1.26162601e+00  -3.10773373e-01
   -1.17992115e+00  -5.09931743e-01   2.03419272e-02  -1.42587841e+00
   -1.19868767e+00   8.67121518e-01  -1.12485039e+00  -6.67806745e-01
    3.44843924e-01  -3.22632551e-01  -1.36481595e+00   6.27986312e-01
    1.05445015e+00   3.10864169e-02  -6.31921768e-01   4.19340342e-01
    2.54690319e-01   3.24805044e-02   1.60625255e+00   1.73486853e+00
   -4.14488882e-01   1.15993190e+00  -5.42796612e-01   3.68698210e-01
   -2.47949839e+00   1.77448153e-01  -4.04841095e-01   8.14257443e-01
    7.31934667e-01   3.81688803e-01   6.40798450e-01   2.33455792e-01
   -1.01166415e+00  -6.74547911e-01  -6.68863952e-01  -1.47193563e+00
   -1.45391214e+00  -1.55908287e+00   4.65712488e-01   1.11159348e+00
   -2.04703403e+00   1.03820646e+00  -6.12043701e-02   1.18325746e+00
   -1.92262098e-01  -2.61666059e-01  -9.55554664e-01   7.79740632e-01
   -1.47120404e+00   6.44442439e-01  -4.70745534e-01  -8.17842901e-01
    8.93794417e-01  -2.72041321e-01   7.54861355e-01   4.04017925e-01
    2.33346701e-01  -4.24696803e-01  -1.20795023e+00  -1.43403196e+00
    1.55175912e+00  -1.00242175e-01   3.46845716e-01   1.90061593e+00
   -1.63261378e+00  -1.32608151e+00   1.62854981e+00   1.97693661e-01
   -3.08991760e-01   3.24372984e-02  -8.02005529e-02   1.30237293e+00
    5.25979102e-01  -1.02801144e+00  -1.21764052e+00  -2.93226004e-01
    4.89220053e-01  -1.50382173e+00   7.40825415e-01   6.67562962e-01
    1.72810420e-01  -5.87042272e-01  -9.92431164e-01   4.33100849e-01
    3.89313042e-01  -3.57041866e-01  -9.97551203e-01   7.43542135e-01
    2.23758712e-01   1.06185234e+00  -4.36631233e-01  -3.49403113e-01
    3.28289956e-01   1.35104203e+00  -6.10370815e-01   1.71732736e+00
    3.62479901e+00  -5.39974213e-01   3.58329952e-01   4.27809089e-01
    4.00976717e-01   1.99496880e-01  -2.98635947e-04   1.00009131e+00
   -1.27724397e+00  -6.46142185e-01   1.34156406e+00   1.67625308e+00
   -9.70559418e-01   1.15563059e+00   5.25658906e-01  -9.96744856e-02
    6.71364009e-01   1.05115008e+00   6.21392608e-01   8.69889200e-01
   -6.80311799e-01  -6.02543019e-02  -2.02627850e+00   9.71361935e-01
    1.74438745e-01  -1.34239882e-01  -1.63927782e+00   5.54431193e-02
    2.15388760e-01  -1.03546724e-01  -6.15424752e-01  -4.88604218e-01
    6.64370418e-01   1.24110401e+00   1.61292803e+00   1.55701756e-01
   -1.08599865e+00  -8.31496775e-01   3.89283270e-01   8.19452405e-01
   -1.73647487e+00  -3.73023391e-01  -1.22010219e+00  -6.87290907e-01
   -5.83510339e-01  -4.50202852e-01   1.58837306e+00   4.81387466e-01
    3.14562201e-01  -6.88646436e-02  -1.18607879e+00   1.06983352e+00
   -5.09501398e-01  -2.07729793e+00  -9.52673972e-01  -1.90814719e-01
   -1.90506667e-01   1.33241189e+00   1.67308497e+00   7.61726379e-01
   -5.25003552e-01  -9.64448094e-01  -2.73087174e-01  -7.12287486e-01
   -8.73290151e-02   5.15937269e-01  -1.52943000e-01  -2.50179380e-01
    6.60563409e-01  -6.88622177e-01   4.75945532e-01  -1.79404116e+00
   -1.53439064e-02   1.04638875e+00  -7.14424372e-01   1.35215497e+00
   -7.30649889e-01   1.86623827e-01  -1.31243952e-02   4.18855578e-01
   -1.36280036e+00   1.49982297e+00  -6.89508319e-01  -7.31956005e-01
    5.56990206e-01   1.50119632e-01  -1.33114135e+00  -6.75858557e-01
   -6.11296058e-01   4.16950554e-01  -7.76400983e-01  -1.04399100e-01
   -7.41651714e-01  -7.58255601e-01   6.42416000e-01  -3.26256692e-01
   -5.33976376e-01   4.49588984e-01  -6.74163640e-01   1.17369473e+00
    6.06529415e-01  -4.34572458e-01   1.64347494e+00  -5.86246073e-01
    1.46395934e+00   7.09457934e-01  -2.00089380e-01   9.74916220e-02
    1.90603524e-01  -1.82872877e-01  -1.55320299e+00  -1.61685193e+00
    2.76497573e-01   1.10497773e+00  -5.85256219e-01   8.48213196e-01
    1.23204684e+00   1.16687432e-01   3.89544606e-01   1.54306486e-01
    1.11837423e+00  -7.87611663e-01  -3.21174234e-01   1.58380091e-01
    5.37475884e-01   5.35986945e-02  -5.25937974e-01  -1.07589293e+00
   -1.50040710e+00   1.26775813e+00  -8.01305294e-01  -1.12687349e+00]]
train mean loss=53.3917416491
training perplexity=3.7992114849
saving model....
epoch: 9 / 10
ソフトバンク [[  1.15007227e-02  -1.04787207e+00  -3.09554785e-01  -5.04002392e-01
    2.08892894e+00  -3.05295289e-01   1.24291115e-01  -2.91987091e-01
    9.79863882e-01   5.19169986e-01  -1.45774639e+00  -3.35617244e-01
   -9.92605746e-01   1.47148287e+00  -9.06718493e-01  -1.20873177e+00
    7.15788782e-01   1.50856471e+00  -4.13331687e-01  -2.32213998e+00
   -6.10050976e-01   1.12841022e+00   2.44703695e-01   1.22267640e+00
   -1.89213917e-01   3.68529409e-01  -4.47287291e-01  -1.54763952e-01
   -6.44644797e-01  -9.87047493e-01  -8.34838390e-01  -2.12231770e-01
   -5.07769167e-01  -4.89217609e-01  -1.89685273e+00  -3.03299606e-01
   -4.00075078e-01  -5.31216085e-01   1.51041162e+00  -2.38093123e-01
    4.12334085e-01   1.20161152e+00  -1.32309914e+00   7.57474482e-01
    3.46093476e-01  -4.97662038e-01  -5.73305488e-01  -1.29397249e+00
   -2.51626879e-01  -6.10461056e-01   1.06913902e-01  -6.99028313e-01
    3.00596446e-01  -1.84172440e+00   5.90116858e-01  -8.44583154e-01
   -6.65256619e-01  -2.67486759e-02   5.69267750e-01   3.14183712e-01
    1.48061126e-01  -7.49629080e-01  -8.40379596e-01   1.49960017e+00
    3.35135370e-01  -1.25872421e+00   2.97080946e+00   1.28226921e-01
    4.72673684e-01   6.93315387e-01  -1.26198769e+00  -3.08879316e-01
   -1.18208611e+00  -5.07296801e-01   2.24442314e-02  -1.42620194e+00
   -1.20081365e+00   8.68676960e-01  -1.12790263e+00  -6.66320145e-01
    3.41831803e-01  -3.22193861e-01  -1.36517811e+00   6.26148582e-01
    1.05167496e+00   3.04394253e-02  -6.30961835e-01   4.18745935e-01
    2.52924472e-01   3.42307501e-02   1.60908151e+00   1.73604941e+00
   -4.17441696e-01   1.15913796e+00  -5.43451428e-01   3.70248795e-01
   -2.47850108e+00   1.79221138e-01  -4.06285614e-01   8.16136479e-01
    7.30260491e-01   3.83177578e-01   6.42584920e-01   2.33902320e-01
   -1.01022959e+00  -6.72033250e-01  -6.67484343e-01  -1.47292924e+00
   -1.45478356e+00  -1.55677474e+00   4.67076391e-01   1.11348367e+00
   -2.04565072e+00   1.03981626e+00  -5.92938587e-02   1.18426907e+00
   -1.94690153e-01  -2.62703538e-01  -9.52952147e-01   7.82877386e-01
   -1.47328603e+00   6.44985139e-01  -4.70712155e-01  -8.16913784e-01
    8.92957032e-01  -2.74548978e-01   7.51204908e-01   4.00741488e-01
    2.35369280e-01  -4.22891915e-01  -1.20958495e+00  -1.43240726e+00
    1.55430138e+00  -1.00860968e-01   3.48718256e-01   1.90285182e+00
   -1.63534176e+00  -1.32804990e+00   1.63040972e+00   1.97938472e-01
   -3.07977051e-01   3.48360427e-02  -8.22850764e-02   1.30019951e+00
    5.24998605e-01  -1.02998221e+00  -1.21949446e+00  -2.92411357e-01
    4.87379283e-01  -1.50350773e+00   7.42508531e-01   6.68802321e-01
    1.72152817e-01  -5.85762799e-01  -9.90215480e-01   4.32958901e-01
    3.89524668e-01  -3.58788610e-01  -1.00047970e+00   7.43804038e-01
    2.25779846e-01   1.06316030e+00  -4.34560359e-01  -3.52850527e-01
    3.30300242e-01   1.35311413e+00  -6.10913932e-01   1.71531796e+00
    3.62733316e+00  -5.39881110e-01   3.56496781e-01   4.28370565e-01
    4.00523573e-01   2.01637223e-01   1.71691773e-03   9.99704480e-01
   -1.27645791e+00  -6.44903421e-01   1.34201157e+00   1.67448795e+00
   -9.71294284e-01   1.15475965e+00   5.26241541e-01  -1.00044265e-01
    6.70212626e-01   1.05016375e+00   6.23726785e-01   8.67184162e-01
   -6.80970252e-01  -5.90362921e-02  -2.02291298e+00   9.70191240e-01
    1.71721190e-01  -1.32430285e-01  -1.63996220e+00   5.37663549e-02
    2.16657296e-01  -1.03811733e-01  -6.12587452e-01  -4.86292869e-01
    6.64812505e-01   1.24268663e+00   1.61235154e+00   1.57394439e-01
   -1.08439839e+00  -8.30277264e-01   3.90203595e-01   8.21288109e-01
   -1.73449504e+00  -3.72404218e-01  -1.21892071e+00  -6.85980499e-01
   -5.85268736e-01  -4.49315995e-01   1.59120846e+00   4.82178271e-01
    3.13866556e-01  -7.14205876e-02  -1.18652487e+00   1.07050693e+00
   -5.09450316e-01  -2.07702732e+00  -9.52096283e-01  -1.87956721e-01
   -1.93689480e-01   1.33016157e+00   1.67249000e+00   7.64811754e-01
   -5.27863443e-01  -9.65501964e-01  -2.74526298e-01  -7.11549520e-01
   -8.90465528e-02   5.15218914e-01  -1.54044166e-01  -2.52200991e-01
    6.62970304e-01  -6.88040555e-01   4.74761128e-01  -1.79260695e+00
   -1.26804253e-02   1.04616749e+00  -7.12762952e-01   1.35503399e+00
   -7.28497326e-01   1.85038105e-01  -1.50695508e-02   4.16439354e-01
   -1.36313272e+00   1.49656880e+00  -6.92085266e-01  -7.30479479e-01
    5.56758285e-01   1.51100010e-01  -1.32841337e+00  -6.78146720e-01
   -6.09419286e-01   4.14908797e-01  -7.78524458e-01  -1.03236176e-01
   -7.40453541e-01  -7.58202791e-01   6.44533098e-01  -3.26830417e-01
   -5.31677842e-01   4.46202397e-01  -6.73130095e-01   1.17460167e+00
    6.04269385e-01  -4.36777383e-01   1.64522636e+00  -5.86825490e-01
    1.46131098e+00   7.07720220e-01  -1.98402151e-01   9.63173062e-02
    1.90373763e-01  -1.86178029e-01  -1.55123365e+00  -1.61920393e+00
    2.79520750e-01   1.10737991e+00  -5.83671927e-01   8.48176777e-01
    1.23431647e+00   1.16812177e-01   3.90317768e-01   1.52713984e-01
    1.11947346e+00  -7.87608385e-01  -3.20980489e-01   1.59974575e-01
    5.38322508e-01   5.54534718e-02  -5.26756644e-01  -1.07612014e+00
   -1.50114942e+00   1.26900148e+00  -8.02442729e-01  -1.12779212e+00]]
train mean loss=52.7989152908
training perplexity=3.74331986555
saving model....
